"blank"					"=========================="
"blank"					"Communication"
"blank"					"=========================="
"+voicerecord"				"Use voice communication"
"messagemode"				"Chat message"
"messagemode2"				"Team message"
"blank"					"=========================="
"blank"					"Movement"
"blank"					"=========================="
"+forward"				"Move forward"
"+back"					"Move back"
"+left"					"Turn left"
"+right"				"Turn right"
"+moveleft"				"Move left (strafe)"
"+moveright"				"Move right (strafe)"
"+jump"					"Jump"
"+duck"					"Duck"
"+moveup"				"Swim up"
"+movedown"				"Swim down"
"+lookup"				"Look up"
"+lookdown"				"Look down"
"+strafe"				"Strafe modifier"
"+speed"		        	"Walk"
"blank"					"=========================="
"blank"					"Combat"
"blank"					"=========================="
"+attack"				"Primary attack"
"+attack2"				"Secondary attack"
"+reload"				"Reload weapon"
"slot1"					"Select Broom"
"slot2"					"Select Frying Pan"
"slot3" 				"Select Forks"
"slot4"					"Select Kitchen Knives"
"slot5"					"Select Soda Launcher"
"slot6"					"Select Lego Grenade"
"invprev"				"Previous Weapon (Scroll)"
"invnext"				"Next Weapon (Scroll)"
"blank"					"=========================="
"blank"					"Miscellaneous"
"blank"					"=========================="
"droprune"				"Drop Carried Rune"
"+use"					"Use item (buttons, ...)"
"impulse 100"				"Flashlight"
"impulse 201"				"Spray logo"
"+showscores"				"Display multiplayer scores"
"+mlook"				"Mouse look modifier"
"+klook"				"Keyboard look modifier"
"centerview"				"Look straight ahead"
"snapshot"				"Take screen shot"
"save quick"				"Quick save"
"load quick"				"Quick load"
"pause"					"Pause game"
"quit"					"Quit game"